Archive member included to satisfy reference by file (symbol)

/home/whenwhathuh/Ac6/SystemWorkbench/plugins/fr.ac6.mcu.externaltools.arm-none.linux64_1.16.0.201807130628/tools/compiler/bin/../lib/gcc/arm-none-eabi/7.2.1/../../../../arm-none-eabi/lib/thumb/v7e-m/fpv4-sp/hard/libc.a(lib_a-errno.o)
                              startup/sysmem.o (__errno)
/home/whenwhathuh/Ac6/SystemWorkbench/plugins/fr.ac6.mcu.externaltools.arm-none.linux64_1.16.0.201807130628/tools/compiler/bin/../lib/gcc/arm-none-eabi/7.2.1/../../../../arm-none-eabi/lib/thumb/v7e-m/fpv4-sp/hard/libc.a(lib_a-exit.o)
                              /home/whenwhathuh/Ac6/SystemWorkbench/plugins/fr.ac6.mcu.externaltools.arm-none.linux64_1.16.0.201807130628/tools/compiler/bin/../lib/gcc/arm-none-eabi/7.2.1/../../../../arm-none-eabi/lib/thumb/v7e-m/fpv4-sp/hard/crt0.o (exit)
/home/whenwhathuh/Ac6/SystemWorkbench/plugins/fr.ac6.mcu.externaltools.arm-none.linux64_1.16.0.201807130628/tools/compiler/bin/../lib/gcc/arm-none-eabi/7.2.1/../../../../arm-none-eabi/lib/thumb/v7e-m/fpv4-sp/hard/libc.a(lib_a-impure.o)
                              /home/whenwhathuh/Ac6/SystemWorkbench/plugins/fr.ac6.mcu.externaltools.arm-none.linux64_1.16.0.201807130628/tools/compiler/bin/../lib/gcc/arm-none-eabi/7.2.1/../../../../arm-none-eabi/lib/thumb/v7e-m/fpv4-sp/hard/libc.a(lib_a-exit.o) (_global_impure_ptr)
/home/whenwhathuh/Ac6/SystemWorkbench/plugins/fr.ac6.mcu.externaltools.arm-none.linux64_1.16.0.201807130628/tools/compiler/bin/../lib/gcc/arm-none-eabi/7.2.1/../../../../arm-none-eabi/lib/thumb/v7e-m/fpv4-sp/hard/libc.a(lib_a-init.o)
                              /home/whenwhathuh/Ac6/SystemWorkbench/plugins/fr.ac6.mcu.externaltools.arm-none.linux64_1.16.0.201807130628/tools/compiler/bin/../lib/gcc/arm-none-eabi/7.2.1/../../../../arm-none-eabi/lib/thumb/v7e-m/fpv4-sp/hard/crt0.o (__libc_init_array)
/home/whenwhathuh/Ac6/SystemWorkbench/plugins/fr.ac6.mcu.externaltools.arm-none.linux64_1.16.0.201807130628/tools/compiler/bin/../lib/gcc/arm-none-eabi/7.2.1/../../../../arm-none-eabi/lib/thumb/v7e-m/fpv4-sp/hard/libc.a(lib_a-memset.o)
                              /home/whenwhathuh/Ac6/SystemWorkbench/plugins/fr.ac6.mcu.externaltools.arm-none.linux64_1.16.0.201807130628/tools/compiler/bin/../lib/gcc/arm-none-eabi/7.2.1/../../../../arm-none-eabi/lib/thumb/v7e-m/fpv4-sp/hard/crt0.o (memset)
/home/whenwhathuh/Ac6/SystemWorkbench/plugins/fr.ac6.mcu.externaltools.arm-none.linux64_1.16.0.201807130628/tools/compiler/bin/../lib/gcc/arm-none-eabi/7.2.1/../../../../arm-none-eabi/lib/thumb/v7e-m/fpv4-sp/hard/libc.a(lib_a-__call_atexit.o)
                              /home/whenwhathuh/Ac6/SystemWorkbench/plugins/fr.ac6.mcu.externaltools.arm-none.linux64_1.16.0.201807130628/tools/compiler/bin/../lib/gcc/arm-none-eabi/7.2.1/../../../../arm-none-eabi/lib/thumb/v7e-m/fpv4-sp/hard/libc.a(lib_a-exit.o) (__call_exitprocs)
/home/whenwhathuh/Ac6/SystemWorkbench/plugins/fr.ac6.mcu.externaltools.arm-none.linux64_1.16.0.201807130628/tools/compiler/bin/../lib/gcc/arm-none-eabi/7.2.1/../../../../arm-none-eabi/lib/thumb/v7e-m/fpv4-sp/hard/libc.a(lib_a-atexit.o)
                              /home/whenwhathuh/Ac6/SystemWorkbench/plugins/fr.ac6.mcu.externaltools.arm-none.linux64_1.16.0.201807130628/tools/compiler/bin/../lib/gcc/arm-none-eabi/7.2.1/../../../../arm-none-eabi/lib/thumb/v7e-m/fpv4-sp/hard/libc.a(lib_a-__call_atexit.o) (atexit)
/home/whenwhathuh/Ac6/SystemWorkbench/plugins/fr.ac6.mcu.externaltools.arm-none.linux64_1.16.0.201807130628/tools/compiler/bin/../lib/gcc/arm-none-eabi/7.2.1/../../../../arm-none-eabi/lib/thumb/v7e-m/fpv4-sp/hard/libc.a(lib_a-fini.o)
                              /home/whenwhathuh/Ac6/SystemWorkbench/plugins/fr.ac6.mcu.externaltools.arm-none.linux64_1.16.0.201807130628/tools/compiler/bin/../lib/gcc/arm-none-eabi/7.2.1/../../../../arm-none-eabi/lib/thumb/v7e-m/fpv4-sp/hard/libc.a(lib_a-__call_atexit.o) (__libc_fini_array)
/home/whenwhathuh/Ac6/SystemWorkbench/plugins/fr.ac6.mcu.externaltools.arm-none.linux64_1.16.0.201807130628/tools/compiler/bin/../lib/gcc/arm-none-eabi/7.2.1/../../../../arm-none-eabi/lib/thumb/v7e-m/fpv4-sp/hard/libc.a(lib_a-lock.o)
                              /home/whenwhathuh/Ac6/SystemWorkbench/plugins/fr.ac6.mcu.externaltools.arm-none.linux64_1.16.0.201807130628/tools/compiler/bin/../lib/gcc/arm-none-eabi/7.2.1/../../../../arm-none-eabi/lib/thumb/v7e-m/fpv4-sp/hard/libc.a(lib_a-__call_atexit.o) (__retarget_lock_acquire_recursive)
/home/whenwhathuh/Ac6/SystemWorkbench/plugins/fr.ac6.mcu.externaltools.arm-none.linux64_1.16.0.201807130628/tools/compiler/bin/../lib/gcc/arm-none-eabi/7.2.1/../../../../arm-none-eabi/lib/thumb/v7e-m/fpv4-sp/hard/libc.a(lib_a-__atexit.o)
                              /home/whenwhathuh/Ac6/SystemWorkbench/plugins/fr.ac6.mcu.externaltools.arm-none.linux64_1.16.0.201807130628/tools/compiler/bin/../lib/gcc/arm-none-eabi/7.2.1/../../../../arm-none-eabi/lib/thumb/v7e-m/fpv4-sp/hard/libc.a(lib_a-atexit.o) (__register_exitproc)

Allocating common symbols
Common symbol       size              file

__lock___atexit_recursive_mutex
                    0x1               /home/whenwhathuh/Ac6/SystemWorkbench/plugins/fr.ac6.mcu.externaltools.arm-none.linux64_1.16.0.201807130628/tools/compiler/bin/../lib/gcc/arm-none-eabi/7.2.1/../../../../arm-none-eabi/lib/thumb/v7e-m/fpv4-sp/hard/libc.a(lib_a-lock.o)
__lock___arc4random_mutex
                    0x1               /home/whenwhathuh/Ac6/SystemWorkbench/plugins/fr.ac6.mcu.externaltools.arm-none.linux64_1.16.0.201807130628/tools/compiler/bin/../lib/gcc/arm-none-eabi/7.2.1/../../../../arm-none-eabi/lib/thumb/v7e-m/fpv4-sp/hard/libc.a(lib_a-lock.o)
__lock___env_recursive_mutex
                    0x1               /home/whenwhathuh/Ac6/SystemWorkbench/plugins/fr.ac6.mcu.externaltools.arm-none.linux64_1.16.0.201807130628/tools/compiler/bin/../lib/gcc/arm-none-eabi/7.2.1/../../../../arm-none-eabi/lib/thumb/v7e-m/fpv4-sp/hard/libc.a(lib_a-lock.o)
__lock___sinit_recursive_mutex
                    0x1               /home/whenwhathuh/Ac6/SystemWorkbench/plugins/fr.ac6.mcu.externaltools.arm-none.linux64_1.16.0.201807130628/tools/compiler/bin/../lib/gcc/arm-none-eabi/7.2.1/../../../../arm-none-eabi/lib/thumb/v7e-m/fpv4-sp/hard/libc.a(lib_a-lock.o)
__lock___malloc_recursive_mutex
                    0x1               /home/whenwhathuh/Ac6/SystemWorkbench/plugins/fr.ac6.mcu.externaltools.arm-none.linux64_1.16.0.201807130628/tools/compiler/bin/../lib/gcc/arm-none-eabi/7.2.1/../../../../arm-none-eabi/lib/thumb/v7e-m/fpv4-sp/hard/libc.a(lib_a-lock.o)
__lock___at_quick_exit_mutex
                    0x1               /home/whenwhathuh/Ac6/SystemWorkbench/plugins/fr.ac6.mcu.externaltools.arm-none.linux64_1.16.0.201807130628/tools/compiler/bin/../lib/gcc/arm-none-eabi/7.2.1/../../../../arm-none-eabi/lib/thumb/v7e-m/fpv4-sp/hard/libc.a(lib_a-lock.o)
__lock___dd_hash_mutex
                    0x1               /home/whenwhathuh/Ac6/SystemWorkbench/plugins/fr.ac6.mcu.externaltools.arm-none.linux64_1.16.0.201807130628/tools/compiler/bin/../lib/gcc/arm-none-eabi/7.2.1/../../../../arm-none-eabi/lib/thumb/v7e-m/fpv4-sp/hard/libc.a(lib_a-lock.o)
__lock___tz_mutex   0x1               /home/whenwhathuh/Ac6/SystemWorkbench/plugins/fr.ac6.mcu.externaltools.arm-none.linux64_1.16.0.201807130628/tools/compiler/bin/../lib/gcc/arm-none-eabi/7.2.1/../../../../arm-none-eabi/lib/thumb/v7e-m/fpv4-sp/hard/libc.a(lib_a-lock.o)
__lock___sfp_recursive_mutex
                    0x1               /home/whenwhathuh/Ac6/SystemWorkbench/plugins/fr.ac6.mcu.externaltools.arm-none.linux64_1.16.0.201807130628/tools/compiler/bin/../lib/gcc/arm-none-eabi/7.2.1/../../../../arm-none-eabi/lib/thumb/v7e-m/fpv4-sp/hard/libc.a(lib_a-lock.o)

Discarded input sections

 .text          0x0000000000000000        0x0 /home/whenwhathuh/Ac6/SystemWorkbench/plugins/fr.ac6.mcu.externaltools.arm-none.linux64_1.16.0.201807130628/tools/compiler/bin/../lib/gcc/arm-none-eabi/7.2.1/thumb/v7e-m/fpv4-sp/hard/crti.o
 .data          0x0000000000000000        0x0 /home/whenwhathuh/Ac6/SystemWorkbench/plugins/fr.ac6.mcu.externaltools.arm-none.linux64_1.16.0.201807130628/tools/compiler/bin/../lib/gcc/arm-none-eabi/7.2.1/thumb/v7e-m/fpv4-sp/hard/crti.o
 .bss           0x0000000000000000        0x0 /home/whenwhathuh/Ac6/SystemWorkbench/plugins/fr.ac6.mcu.externaltools.arm-none.linux64_1.16.0.201807130628/tools/compiler/bin/../lib/gcc/arm-none-eabi/7.2.1/thumb/v7e-m/fpv4-sp/hard/crti.o
 .data          0x0000000000000000        0x4 /home/whenwhathuh/Ac6/SystemWorkbench/plugins/fr.ac6.mcu.externaltools.arm-none.linux64_1.16.0.201807130628/tools/compiler/bin/../lib/gcc/arm-none-eabi/7.2.1/thumb/v7e-m/fpv4-sp/hard/crtbegin.o
 .text          0x0000000000000000       0x74 /home/whenwhathuh/Ac6/SystemWorkbench/plugins/fr.ac6.mcu.externaltools.arm-none.linux64_1.16.0.201807130628/tools/compiler/bin/../lib/gcc/arm-none-eabi/7.2.1/../../../../arm-none-eabi/lib/thumb/v7e-m/fpv4-sp/hard/crt0.o
 .data          0x0000000000000000        0x0 /home/whenwhathuh/Ac6/SystemWorkbench/plugins/fr.ac6.mcu.externaltools.arm-none.linux64_1.16.0.201807130628/tools/compiler/bin/../lib/gcc/arm-none-eabi/7.2.1/../../../../arm-none-eabi/lib/thumb/v7e-m/fpv4-sp/hard/crt0.o
 .bss           0x0000000000000000        0x0 /home/whenwhathuh/Ac6/SystemWorkbench/plugins/fr.ac6.mcu.externaltools.arm-none.linux64_1.16.0.201807130628/tools/compiler/bin/../lib/gcc/arm-none-eabi/7.2.1/../../../../arm-none-eabi/lib/thumb/v7e-m/fpv4-sp/hard/crt0.o
 .ARM.extab     0x0000000000000000        0x0 /home/whenwhathuh/Ac6/SystemWorkbench/plugins/fr.ac6.mcu.externaltools.arm-none.linux64_1.16.0.201807130628/tools/compiler/bin/../lib/gcc/arm-none-eabi/7.2.1/../../../../arm-none-eabi/lib/thumb/v7e-m/fpv4-sp/hard/crt0.o
 .ARM.exidx     0x0000000000000000        0x8 /home/whenwhathuh/Ac6/SystemWorkbench/plugins/fr.ac6.mcu.externaltools.arm-none.linux64_1.16.0.201807130628/tools/compiler/bin/../lib/gcc/arm-none-eabi/7.2.1/../../../../arm-none-eabi/lib/thumb/v7e-m/fpv4-sp/hard/crt0.o
 .ARM.attributes
                0x0000000000000000       0x20 /home/whenwhathuh/Ac6/SystemWorkbench/plugins/fr.ac6.mcu.externaltools.arm-none.linux64_1.16.0.201807130628/tools/compiler/bin/../lib/gcc/arm-none-eabi/7.2.1/../../../../arm-none-eabi/lib/thumb/v7e-m/fpv4-sp/hard/crt0.o
 .group         0x0000000000000000        0xc drivers/src/stm32f407xx_gpio_driver.o
 .group         0x0000000000000000        0xc drivers/src/stm32f407xx_gpio_driver.o
 .group         0x0000000000000000        0xc drivers/src/stm32f407xx_gpio_driver.o
 .group         0x0000000000000000        0xc drivers/src/stm32f407xx_gpio_driver.o
 .group         0x0000000000000000        0xc drivers/src/stm32f407xx_gpio_driver.o
 .group         0x0000000000000000        0xc drivers/src/stm32f407xx_gpio_driver.o
 .group         0x0000000000000000        0xc drivers/src/stm32f407xx_gpio_driver.o
 .group         0x0000000000000000        0xc drivers/src/stm32f407xx_gpio_driver.o
 .group         0x0000000000000000        0xc drivers/src/stm32f407xx_gpio_driver.o
 .text          0x0000000000000000        0x0 drivers/src/stm32f407xx_gpio_driver.o
 .data          0x0000000000000000        0x0 drivers/src/stm32f407xx_gpio_driver.o
 .bss           0x0000000000000000        0x0 drivers/src/stm32f407xx_gpio_driver.o
 .text.GPIO_DeInit
                0x0000000000000000      0x16c drivers/src/stm32f407xx_gpio_driver.o
 .text.GPIO_ReadFromInputPort
                0x0000000000000000       0x1c drivers/src/stm32f407xx_gpio_driver.o
 .text.GPIO_WriteToOutputPin
                0x0000000000000000       0x4a drivers/src/stm32f407xx_gpio_driver.o
 .text.GPIO_WriteToOutputPort
                0x0000000000000000       0x1e drivers/src/stm32f407xx_gpio_driver.o
 .text.GPIO_IRQConfig
                0x0000000000000000       0x1e drivers/src/stm32f407xx_gpio_driver.o
 .text.GPIO_IRQHandling
                0x0000000000000000       0x16 drivers/src/stm32f407xx_gpio_driver.o
 .group         0x0000000000000000        0xc src/003led_btn_ext.o
 .group         0x0000000000000000        0xc src/003led_btn_ext.o
 .group         0x0000000000000000        0xc src/003led_btn_ext.o
 .group         0x0000000000000000        0xc src/003led_btn_ext.o
 .group         0x0000000000000000        0xc src/003led_btn_ext.o
 .group         0x0000000000000000        0xc src/003led_btn_ext.o
 .group         0x0000000000000000        0xc src/003led_btn_ext.o
 .group         0x0000000000000000        0xc src/003led_btn_ext.o
 .group         0x0000000000000000        0xc src/003led_btn_ext.o
 .text          0x0000000000000000        0x0 src/003led_btn_ext.o
 .data          0x0000000000000000        0x0 src/003led_btn_ext.o
 .bss           0x0000000000000000        0x0 src/003led_btn_ext.o
 .debug_macro   0x0000000000000000      0xa66 src/003led_btn_ext.o
 .debug_macro   0x0000000000000000       0x22 src/003led_btn_ext.o
 .debug_macro   0x0000000000000000       0x87 src/003led_btn_ext.o
 .debug_macro   0x0000000000000000       0x51 src/003led_btn_ext.o
 .debug_macro   0x0000000000000000       0xef src/003led_btn_ext.o
 .debug_macro   0x0000000000000000       0x6a src/003led_btn_ext.o
 .debug_macro   0x0000000000000000      0x1df src/003led_btn_ext.o
 .debug_macro   0x0000000000000000      0x225 src/003led_btn_ext.o
 .debug_macro   0x0000000000000000       0x64 src/003led_btn_ext.o
 .text          0x0000000000000000       0x14 startup/startup_stm32.o
 .data          0x0000000000000000        0x0 startup/startup_stm32.o
 .bss           0x0000000000000000        0x0 startup/startup_stm32.o
 .group         0x0000000000000000        0xc startup/sysmem.o
 .group         0x0000000000000000        0xc startup/sysmem.o
 .group         0x0000000000000000        0xc startup/sysmem.o
 .group         0x0000000000000000        0xc startup/sysmem.o
 .group         0x0000000000000000        0xc startup/sysmem.o
 .group         0x0000000000000000        0xc startup/sysmem.o
 .group         0x0000000000000000        0xc startup/sysmem.o
 .group         0x0000000000000000        0xc startup/sysmem.o
 .group         0x0000000000000000        0xc startup/sysmem.o
 .group         0x0000000000000000        0xc startup/sysmem.o
 .group         0x0000000000000000        0xc startup/sysmem.o
 .group         0x0000000000000000        0xc startup/sysmem.o
 .group         0x0000000000000000        0xc startup/sysmem.o
 .group         0x0000000000000000        0xc startup/sysmem.o
 .group         0x0000000000000000        0xc startup/sysmem.o
 .group         0x0000000000000000        0xc startup/sysmem.o
 .group         0x0000000000000000        0xc startup/sysmem.o
 .group         0x0000000000000000        0xc startup/sysmem.o
 .group         0x0000000000000000        0xc startup/sysmem.o
 .group         0x0000000000000000        0xc startup/sysmem.o
 .group         0x0000000000000000        0xc startup/sysmem.o
 .group         0x0000000000000000        0xc startup/sysmem.o
 .group         0x0000000000000000        0xc startup/sysmem.o
 .group         0x0000000000000000        0xc startup/sysmem.o
 .group         0x0000000000000000        0xc startup/sysmem.o
 .group         0x0000000000000000        0xc startup/sysmem.o
 .group         0x0000000000000000        0xc startup/sysmem.o
 .group         0x0000000000000000        0xc startup/sysmem.o
 .group         0x0000000000000000        0xc startup/sysmem.o
 .group         0x0000000000000000        0xc startup/sysmem.o
 .group         0x0000000000000000        0xc startup/sysmem.o
 .group         0x0000000000000000        0xc startup/sysmem.o
 .text          0x0000000000000000        0x0 startup/sysmem.o
 .data          0x0000000000000000        0x0 startup/sysmem.o
 .bss           0x0000000000000000        0x4 startup/sysmem.o
 .text._sbrk    0x0000000000000000       0x58 startup/sysmem.o
 .debug_info    0x0000000000000000      0x92c startup/sysmem.o
 .debug_abbrev  0x0000000000000000      0x1f1 startup/sysmem.o
 .debug_aranges
                0x0000000000000000       0x20 startup/sysmem.o
 .debug_ranges  0x0000000000000000       0x10 startup/sysmem.o
 .debug_macro   0x0000000000000000      0x1ae startup/sysmem.o
 .debug_macro   0x0000000000000000      0xa66 startup/sysmem.o
 .debug_macro   0x0000000000000000       0x10 startup/sysmem.o
 .debug_macro   0x0000000000000000       0x22 startup/sysmem.o
 .debug_macro   0x0000000000000000       0x52 startup/sysmem.o
 .debug_macro   0x0000000000000000       0x17 startup/sysmem.o
 .debug_macro   0x0000000000000000       0x8d startup/sysmem.o
 .debug_macro   0x0000000000000000       0x35 startup/sysmem.o
 .debug_macro   0x0000000000000000       0x9c startup/sysmem.o
 .debug_macro   0x0000000000000000      0x174 startup/sysmem.o
 .debug_macro   0x0000000000000000       0x57 startup/sysmem.o
 .debug_macro   0x0000000000000000       0x58 startup/sysmem.o
 .debug_macro   0x0000000000000000       0x1f startup/sysmem.o
 .debug_macro   0x0000000000000000       0x43 startup/sysmem.o
 .debug_macro   0x0000000000000000       0x20 startup/sysmem.o
 .debug_macro   0x0000000000000000      0x18e startup/sysmem.o
 .debug_macro   0x0000000000000000      0x23b startup/sysmem.o
 .debug_macro   0x0000000000000000       0x16 startup/sysmem.o
 .debug_macro   0x0000000000000000       0x35 startup/sysmem.o
 .debug_macro   0x0000000000000000      0x330 startup/sysmem.o
 .debug_macro   0x0000000000000000       0x10 startup/sysmem.o
 .debug_macro   0x0000000000000000       0x10 startup/sysmem.o
 .debug_macro   0x0000000000000000       0x6a startup/sysmem.o
 .debug_macro   0x0000000000000000       0x1c startup/sysmem.o
 .debug_macro   0x0000000000000000       0x52 startup/sysmem.o
 .debug_macro   0x0000000000000000       0x40 startup/sysmem.o
 .debug_macro   0x0000000000000000       0x10 startup/sysmem.o
 .debug_macro   0x0000000000000000       0x40 startup/sysmem.o
 .debug_macro   0x0000000000000000       0xd7 startup/sysmem.o
 .debug_macro   0x0000000000000000       0x1c startup/sysmem.o
 .debug_macro   0x0000000000000000       0x3d startup/sysmem.o
 .debug_macro   0x0000000000000000       0x16 startup/sysmem.o
 .debug_macro   0x0000000000000000      0x16f startup/sysmem.o
 .debug_line    0x0000000000000000      0x42a startup/sysmem.o
 .debug_str     0x0000000000000000     0x7912 startup/sysmem.o
 .comment       0x0000000000000000       0x7f startup/sysmem.o
 .debug_frame   0x0000000000000000       0x34 startup/sysmem.o
 .ARM.attributes
                0x0000000000000000       0x39 startup/sysmem.o
 .text          0x0000000000000000        0x0 /home/whenwhathuh/Ac6/SystemWorkbench/plugins/fr.ac6.mcu.externaltools.arm-none.linux64_1.16.0.201807130628/tools/compiler/bin/../lib/gcc/arm-none-eabi/7.2.1/../../../../arm-none-eabi/lib/thumb/v7e-m/fpv4-sp/hard/libc.a(lib_a-errno.o)
 .data          0x0000000000000000        0x0 /home/whenwhathuh/Ac6/SystemWorkbench/plugins/fr.ac6.mcu.externaltools.arm-none.linux64_1.16.0.201807130628/tools/compiler/bin/../lib/gcc/arm-none-eabi/7.2.1/../../../../arm-none-eabi/lib/thumb/v7e-m/fpv4-sp/hard/libc.a(lib_a-errno.o)
 .bss           0x0000000000000000        0x0 /home/whenwhathuh/Ac6/SystemWorkbench/plugins/fr.ac6.mcu.externaltools.arm-none.linux64_1.16.0.201807130628/tools/compiler/bin/../lib/gcc/arm-none-eabi/7.2.1/../../../../arm-none-eabi/lib/thumb/v7e-m/fpv4-sp/hard/libc.a(lib_a-errno.o)
 .text.__errno  0x0000000000000000        0xc /home/whenwhathuh/Ac6/SystemWorkbench/plugins/fr.ac6.mcu.externaltools.arm-none.linux64_1.16.0.201807130628/tools/compiler/bin/../lib/gcc/arm-none-eabi/7.2.1/../../../../arm-none-eabi/lib/thumb/v7e-m/fpv4-sp/hard/libc.a(lib_a-errno.o)
 .debug_frame   0x0000000000000000       0x20 /home/whenwhathuh/Ac6/SystemWorkbench/plugins/fr.ac6.mcu.externaltools.arm-none.linux64_1.16.0.201807130628/tools/compiler/bin/../lib/gcc/arm-none-eabi/7.2.1/../../../../arm-none-eabi/lib/thumb/v7e-m/fpv4-sp/hard/libc.a(lib_a-errno.o)
 .ARM.attributes
                0x0000000000000000       0x34 /home/whenwhathuh/Ac6/SystemWorkbench/plugins/fr.ac6.mcu.externaltools.arm-none.linux64_1.16.0.201807130628/tools/compiler/bin/../lib/gcc/arm-none-eabi/7.2.1/../../../../arm-none-eabi/lib/thumb/v7e-m/fpv4-sp/hard/libc.a(lib_a-errno.o)
 .text          0x0000000000000000        0x0 /home/whenwhathuh/Ac6/SystemWorkbench/plugins/fr.ac6.mcu.externaltools.arm-none.linux64_1.16.0.201807130628/tools/compiler/bin/../lib/gcc/arm-none-eabi/7.2.1/../../../../arm-none-eabi/lib/thumb/v7e-m/fpv4-sp/hard/libc.a(lib_a-exit.o)
 .data          0x0000000000000000        0x0 /home/whenwhathuh/Ac6/SystemWorkbench/plugins/fr.ac6.mcu.externaltools.arm-none.linux64_1.16.0.201807130628/tools/compiler/bin/../lib/gcc/arm-none-eabi/7.2.1/../../../../arm-none-eabi/lib/thumb/v7e-m/fpv4-sp/hard/libc.a(lib_a-exit.o)
 .bss           0x0000000000000000        0x0 /home/whenwhathuh/Ac6/SystemWorkbench/plugins/fr.ac6.mcu.externaltools.arm-none.linux64_1.16.0.201807130628/tools/compiler/bin/../lib/gcc/arm-none-eabi/7.2.1/../../../../arm-none-eabi/lib/thumb/v7e-m/fpv4-sp/hard/libc.a(lib_a-exit.o)
 .text.exit     0x0000000000000000       0x20 /home/whenwhathuh/Ac6/SystemWorkbench/plugins/fr.ac6.mcu.externaltools.arm-none.linux64_1.16.0.201807130628/tools/compiler/bin/../lib/gcc/arm-none-eabi/7.2.1/../../../../arm-none-eabi/lib/thumb/v7e-m/fpv4-sp/hard/libc.a(lib_a-exit.o)
 .debug_frame   0x0000000000000000       0x28 /home/whenwhathuh/Ac6/SystemWorkbench/plugins/fr.ac6.mcu.externaltools.arm-none.linux64_1.16.0.201807130628/tools/compiler/bin/../lib/gcc/arm-none-eabi/7.2.1/../../../../arm-none-eabi/lib/thumb/v7e-m/fpv4-sp/hard/libc.a(lib_a-exit.o)
 .ARM.attributes
                0x0000000000000000       0x34 /home/whenwhathuh/Ac6/SystemWorkbench/plugins/fr.ac6.mcu.externaltools.arm-none.linux64_1.16.0.201807130628/tools/compiler/bin/../lib/gcc/arm-none-eabi/7.2.1/../../../../arm-none-eabi/lib/thumb/v7e-m/fpv4-sp/hard/libc.a(lib_a-exit.o)
 .text          0x0000000000000000        0x0 /home/whenwhathuh/Ac6/SystemWorkbench/plugins/fr.ac6.mcu.externaltools.arm-none.linux64_1.16.0.201807130628/tools/compiler/bin/../lib/gcc/arm-none-eabi/7.2.1/../../../../arm-none-eabi/lib/thumb/v7e-m/fpv4-sp/hard/libc.a(lib_a-impure.o)
 .data          0x0000000000000000        0x0 /home/whenwhathuh/Ac6/SystemWorkbench/plugins/fr.ac6.mcu.externaltools.arm-none.linux64_1.16.0.201807130628/tools/compiler/bin/../lib/gcc/arm-none-eabi/7.2.1/../../../../arm-none-eabi/lib/thumb/v7e-m/fpv4-sp/hard/libc.a(lib_a-impure.o)
 .bss           0x0000000000000000        0x0 /home/whenwhathuh/Ac6/SystemWorkbench/plugins/fr.ac6.mcu.externaltools.arm-none.linux64_1.16.0.201807130628/tools/compiler/bin/../lib/gcc/arm-none-eabi/7.2.1/../../../../arm-none-eabi/lib/thumb/v7e-m/fpv4-sp/hard/libc.a(lib_a-impure.o)
 .data._impure_ptr
                0x0000000000000000        0x4 /home/whenwhathuh/Ac6/SystemWorkbench/plugins/fr.ac6.mcu.externaltools.arm-none.linux64_1.16.0.201807130628/tools/compiler/bin/../lib/gcc/arm-none-eabi/7.2.1/../../../../arm-none-eabi/lib/thumb/v7e-m/fpv4-sp/hard/libc.a(lib_a-impure.o)
 .text          0x0000000000000000        0x0 /home/whenwhathuh/Ac6/SystemWorkbench/plugins/fr.ac6.mcu.externaltools.arm-none.linux64_1.16.0.201807130628/tools/compiler/bin/../lib/gcc/arm-none-eabi/7.2.1/../../../../arm-none-eabi/lib/thumb/v7e-m/fpv4-sp/hard/libc.a(lib_a-init.o)
 .data          0x0000000000000000        0x0 /home/whenwhathuh/Ac6/SystemWorkbench/plugins/fr.ac6.mcu.externaltools.arm-none.linux64_1.16.0.201807130628/tools/compiler/bin/../lib/gcc/arm-none-eabi/7.2.1/../../../../arm-none-eabi/lib/thumb/v7e-m/fpv4-sp/hard/libc.a(lib_a-init.o)
 .bss           0x0000000000000000        0x0 /home/whenwhathuh/Ac6/SystemWorkbench/plugins/fr.ac6.mcu.externaltools.arm-none.linux64_1.16.0.201807130628/tools/compiler/bin/../lib/gcc/arm-none-eabi/7.2.1/../../../../arm-none-eabi/lib/thumb/v7e-m/fpv4-sp/hard/libc.a(lib_a-init.o)
 .text          0x0000000000000000        0x0 /home/whenwhathuh/Ac6/SystemWorkbench/plugins/fr.ac6.mcu.externaltools.arm-none.linux64_1.16.0.201807130628/tools/compiler/bin/../lib/gcc/arm-none-eabi/7.2.1/../../../../arm-none-eabi/lib/thumb/v7e-m/fpv4-sp/hard/libc.a(lib_a-memset.o)
 .data          0x0000000000000000        0x0 /home/whenwhathuh/Ac6/SystemWorkbench/plugins/fr.ac6.mcu.externaltools.arm-none.linux64_1.16.0.201807130628/tools/compiler/bin/../lib/gcc/arm-none-eabi/7.2.1/../../../../arm-none-eabi/lib/thumb/v7e-m/fpv4-sp/hard/libc.a(lib_a-memset.o)
 .bss           0x0000000000000000        0x0 /home/whenwhathuh/Ac6/SystemWorkbench/plugins/fr.ac6.mcu.externaltools.arm-none.linux64_1.16.0.201807130628/tools/compiler/bin/../lib/gcc/arm-none-eabi/7.2.1/../../../../arm-none-eabi/lib/thumb/v7e-m/fpv4-sp/hard/libc.a(lib_a-memset.o)
 .text.memset   0x0000000000000000       0x94 /home/whenwhathuh/Ac6/SystemWorkbench/plugins/fr.ac6.mcu.externaltools.arm-none.linux64_1.16.0.201807130628/tools/compiler/bin/../lib/gcc/arm-none-eabi/7.2.1/../../../../arm-none-eabi/lib/thumb/v7e-m/fpv4-sp/hard/libc.a(lib_a-memset.o)
 .debug_frame   0x0000000000000000       0x38 /home/whenwhathuh/Ac6/SystemWorkbench/plugins/fr.ac6.mcu.externaltools.arm-none.linux64_1.16.0.201807130628/tools/compiler/bin/../lib/gcc/arm-none-eabi/7.2.1/../../../../arm-none-eabi/lib/thumb/v7e-m/fpv4-sp/hard/libc.a(lib_a-memset.o)
 .ARM.attributes
                0x0000000000000000       0x34 /home/whenwhathuh/Ac6/SystemWorkbench/plugins/fr.ac6.mcu.externaltools.arm-none.linux64_1.16.0.201807130628/tools/compiler/bin/../lib/gcc/arm-none-eabi/7.2.1/../../../../arm-none-eabi/lib/thumb/v7e-m/fpv4-sp/hard/libc.a(lib_a-memset.o)
 .text          0x0000000000000000        0x0 /home/whenwhathuh/Ac6/SystemWorkbench/plugins/fr.ac6.mcu.externaltools.arm-none.linux64_1.16.0.201807130628/tools/compiler/bin/../lib/gcc/arm-none-eabi/7.2.1/../../../../arm-none-eabi/lib/thumb/v7e-m/fpv4-sp/hard/libc.a(lib_a-__call_atexit.o)
 .data          0x0000000000000000        0x0 /home/whenwhathuh/Ac6/SystemWorkbench/plugins/fr.ac6.mcu.externaltools.arm-none.linux64_1.16.0.201807130628/tools/compiler/bin/../lib/gcc/arm-none-eabi/7.2.1/../../../../arm-none-eabi/lib/thumb/v7e-m/fpv4-sp/hard/libc.a(lib_a-__call_atexit.o)
 .bss           0x0000000000000000        0x0 /home/whenwhathuh/Ac6/SystemWorkbench/plugins/fr.ac6.mcu.externaltools.arm-none.linux64_1.16.0.201807130628/tools/compiler/bin/../lib/gcc/arm-none-eabi/7.2.1/../../../../arm-none-eabi/lib/thumb/v7e-m/fpv4-sp/hard/libc.a(lib_a-__call_atexit.o)
 .text.__call_exitprocs
                0x0000000000000000       0xe8 /home/whenwhathuh/Ac6/SystemWorkbench/plugins/fr.ac6.mcu.externaltools.arm-none.linux64_1.16.0.201807130628/tools/compiler/bin/../lib/gcc/arm-none-eabi/7.2.1/../../../../arm-none-eabi/lib/thumb/v7e-m/fpv4-sp/hard/libc.a(lib_a-__call_atexit.o)
 .text          0x0000000000000000        0x0 /home/whenwhathuh/Ac6/SystemWorkbench/plugins/fr.ac6.mcu.externaltools.arm-none.linux64_1.16.0.201807130628/tools/compiler/bin/../lib/gcc/arm-none-eabi/7.2.1/../../../../arm-none-eabi/lib/thumb/v7e-m/fpv4-sp/hard/libc.a(lib_a-atexit.o)
 .data          0x0000000000000000        0x0 /home/whenwhathuh/Ac6/SystemWorkbench/plugins/fr.ac6.mcu.externaltools.arm-none.linux64_1.16.0.201807130628/tools/compiler/bin/../lib/gcc/arm-none-eabi/7.2.1/../../../../arm-none-eabi/lib/thumb/v7e-m/fpv4-sp/hard/libc.a(lib_a-atexit.o)
 .bss           0x0000000000000000        0x0 /home/whenwhathuh/Ac6/SystemWorkbench/plugins/fr.ac6.mcu.externaltools.arm-none.linux64_1.16.0.201807130628/tools/compiler/bin/../lib/gcc/arm-none-eabi/7.2.1/../../../../arm-none-eabi/lib/thumb/v7e-m/fpv4-sp/hard/libc.a(lib_a-atexit.o)
 .text          0x0000000000000000        0x0 /home/whenwhathuh/Ac6/SystemWorkbench/plugins/fr.ac6.mcu.externaltools.arm-none.linux64_1.16.0.201807130628/tools/compiler/bin/../lib/gcc/arm-none-eabi/7.2.1/../../../../arm-none-eabi/lib/thumb/v7e-m/fpv4-sp/hard/libc.a(lib_a-fini.o)
 .data          0x0000000000000000        0x0 /home/whenwhathuh/Ac6/SystemWorkbench/plugins/fr.ac6.mcu.externaltools.arm-none.linux64_1.16.0.201807130628/tools/compiler/bin/../lib/gcc/arm-none-eabi/7.2.1/../../../../arm-none-eabi/lib/thumb/v7e-m/fpv4-sp/hard/libc.a(lib_a-fini.o)
 .bss           0x0000000000000000        0x0 /home/whenwhathuh/Ac6/SystemWorkbench/plugins/fr.ac6.mcu.externaltools.arm-none.linux64_1.16.0.201807130628/tools/compiler/bin/../lib/gcc/arm-none-eabi/7.2.1/../../../../arm-none-eabi/lib/thumb/v7e-m/fpv4-sp/hard/libc.a(lib_a-fini.o)
 .text          0x0000000000000000        0x0 /home/whenwhathuh/Ac6/SystemWorkbench/plugins/fr.ac6.mcu.externaltools.arm-none.linux64_1.16.0.201807130628/tools/compiler/bin/../lib/gcc/arm-none-eabi/7.2.1/../../../../arm-none-eabi/lib/thumb/v7e-m/fpv4-sp/hard/libc.a(lib_a-lock.o)
 .data          0x0000000000000000        0x0 /home/whenwhathuh/Ac6/SystemWorkbench/plugins/fr.ac6.mcu.externaltools.arm-none.linux64_1.16.0.201807130628/tools/compiler/bin/../lib/gcc/arm-none-eabi/7.2.1/../../../../arm-none-eabi/lib/thumb/v7e-m/fpv4-sp/hard/libc.a(lib_a-lock.o)
 .bss           0x0000000000000000        0x0 /home/whenwhathuh/Ac6/SystemWorkbench/plugins/fr.ac6.mcu.externaltools.arm-none.linux64_1.16.0.201807130628/tools/compiler/bin/../lib/gcc/arm-none-eabi/7.2.1/../../../../arm-none-eabi/lib/thumb/v7e-m/fpv4-sp/hard/libc.a(lib_a-lock.o)
 .text.__retarget_lock_init
                0x0000000000000000        0x4 /home/whenwhathuh/Ac6/SystemWorkbench/plugins/fr.ac6.mcu.externaltools.arm-none.linux64_1.16.0.201807130628/tools/compiler/bin/../lib/gcc/arm-none-eabi/7.2.1/../../../../arm-none-eabi/lib/thumb/v7e-m/fpv4-sp/hard/libc.a(lib_a-lock.o)
 .text.__retarget_lock_init_recursive
                0x0000000000000000        0x4 /home/whenwhathuh/Ac6/SystemWorkbench/plugins/fr.ac6.mcu.externaltools.arm-none.linux64_1.16.0.201807130628/tools/compiler/bin/../lib/gcc/arm-none-eabi/7.2.1/../../../../arm-none-eabi/lib/thumb/v7e-m/fpv4-sp/hard/libc.a(lib_a-lock.o)
 .text.__retarget_lock_close
                0x0000000000000000        0x4 /home/whenwhathuh/Ac6/SystemWorkbench/plugins/fr.ac6.mcu.externaltools.arm-none.linux64_1.16.0.201807130628/tools/compiler/bin/../lib/gcc/arm-none-eabi/7.2.1/../../../../arm-none-eabi/lib/thumb/v7e-m/fpv4-sp/hard/libc.a(lib_a-lock.o)
 .text.__retarget_lock_close_recursive
                0x0000000000000000        0x4 /home/whenwhathuh/Ac6/SystemWorkbench/plugins/fr.ac6.mcu.externaltools.arm-none.linux64_1.16.0.201807130628/tools/compiler/bin/../lib/gcc/arm-none-eabi/7.2.1/../../../../arm-none-eabi/lib/thumb/v7e-m/fpv4-sp/hard/libc.a(lib_a-lock.o)
 .text.__retarget_lock_acquire
                0x0000000000000000        0x4 /home/whenwhathuh/Ac6/SystemWorkbench/plugins/fr.ac6.mcu.externaltools.arm-none.linux64_1.16.0.201807130628/tools/compiler/bin/../lib/gcc/arm-none-eabi/7.2.1/../../../../arm-none-eabi/lib/thumb/v7e-m/fpv4-sp/hard/libc.a(lib_a-lock.o)
 .text.__retarget_lock_try_acquire
                0x0000000000000000        0x4 /home/whenwhathuh/Ac6/SystemWorkbench/plugins/fr.ac6.mcu.externaltools.arm-none.linux64_1.16.0.201807130628/tools/compiler/bin/../lib/gcc/arm-none-eabi/7.2.1/../../../../arm-none-eabi/lib/thumb/v7e-m/fpv4-sp/hard/libc.a(lib_a-lock.o)
 .text.__retarget_lock_try_acquire_recursive
                0x0000000000000000        0x4 /home/whenwhathuh/Ac6/SystemWorkbench/plugins/fr.ac6.mcu.externaltools.arm-none.linux64_1.16.0.201807130628/tools/compiler/bin/../lib/gcc/arm-none-eabi/7.2.1/../../../../arm-none-eabi/lib/thumb/v7e-m/fpv4-sp/hard/libc.a(lib_a-lock.o)
 .text.__retarget_lock_release
                0x0000000000000000        0x4 /home/whenwhathuh/Ac6/SystemWorkbench/plugins/fr.ac6.mcu.externaltools.arm-none.linux64_1.16.0.201807130628/tools/compiler/bin/../lib/gcc/arm-none-eabi/7.2.1/../../../../arm-none-eabi/lib/thumb/v7e-m/fpv4-sp/hard/libc.a(lib_a-lock.o)
 .text          0x0000000000000000        0x0 /home/whenwhathuh/Ac6/SystemWorkbench/plugins/fr.ac6.mcu.externaltools.arm-none.linux64_1.16.0.201807130628/tools/compiler/bin/../lib/gcc/arm-none-eabi/7.2.1/../../../../arm-none-eabi/lib/thumb/v7e-m/fpv4-sp/hard/libc.a(lib_a-__atexit.o)
 .data          0x0000000000000000        0x0 /home/whenwhathuh/Ac6/SystemWorkbench/plugins/fr.ac6.mcu.externaltools.arm-none.linux64_1.16.0.201807130628/tools/compiler/bin/../lib/gcc/arm-none-eabi/7.2.1/../../../../arm-none-eabi/lib/thumb/v7e-m/fpv4-sp/hard/libc.a(lib_a-__atexit.o)
 .bss           0x0000000000000000        0x0 /home/whenwhathuh/Ac6/SystemWorkbench/plugins/fr.ac6.mcu.externaltools.arm-none.linux64_1.16.0.201807130628/tools/compiler/bin/../lib/gcc/arm-none-eabi/7.2.1/../../../../arm-none-eabi/lib/thumb/v7e-m/fpv4-sp/hard/libc.a(lib_a-__atexit.o)
 .text          0x0000000000000000        0x0 /home/whenwhathuh/Ac6/SystemWorkbench/plugins/fr.ac6.mcu.externaltools.arm-none.linux64_1.16.0.201807130628/tools/compiler/bin/../lib/gcc/arm-none-eabi/7.2.1/thumb/v7e-m/fpv4-sp/hard/crtend.o
 .data          0x0000000000000000        0x0 /home/whenwhathuh/Ac6/SystemWorkbench/plugins/fr.ac6.mcu.externaltools.arm-none.linux64_1.16.0.201807130628/tools/compiler/bin/../lib/gcc/arm-none-eabi/7.2.1/thumb/v7e-m/fpv4-sp/hard/crtend.o
 .bss           0x0000000000000000        0x0 /home/whenwhathuh/Ac6/SystemWorkbench/plugins/fr.ac6.mcu.externaltools.arm-none.linux64_1.16.0.201807130628/tools/compiler/bin/../lib/gcc/arm-none-eabi/7.2.1/thumb/v7e-m/fpv4-sp/hard/crtend.o
 .eh_frame      0x0000000000000000        0x4 /home/whenwhathuh/Ac6/SystemWorkbench/plugins/fr.ac6.mcu.externaltools.arm-none.linux64_1.16.0.201807130628/tools/compiler/bin/../lib/gcc/arm-none-eabi/7.2.1/thumb/v7e-m/fpv4-sp/hard/crtend.o
 .ARM.attributes
                0x0000000000000000       0x34 /home/whenwhathuh/Ac6/SystemWorkbench/plugins/fr.ac6.mcu.externaltools.arm-none.linux64_1.16.0.201807130628/tools/compiler/bin/../lib/gcc/arm-none-eabi/7.2.1/thumb/v7e-m/fpv4-sp/hard/crtend.o
 .text          0x0000000000000000        0x0 /home/whenwhathuh/Ac6/SystemWorkbench/plugins/fr.ac6.mcu.externaltools.arm-none.linux64_1.16.0.201807130628/tools/compiler/bin/../lib/gcc/arm-none-eabi/7.2.1/thumb/v7e-m/fpv4-sp/hard/crtn.o
 .data          0x0000000000000000        0x0 /home/whenwhathuh/Ac6/SystemWorkbench/plugins/fr.ac6.mcu.externaltools.arm-none.linux64_1.16.0.201807130628/tools/compiler/bin/../lib/gcc/arm-none-eabi/7.2.1/thumb/v7e-m/fpv4-sp/hard/crtn.o
 .bss           0x0000000000000000        0x0 /home/whenwhathuh/Ac6/SystemWorkbench/plugins/fr.ac6.mcu.externaltools.arm-none.linux64_1.16.0.201807130628/tools/compiler/bin/../lib/gcc/arm-none-eabi/7.2.1/thumb/v7e-m/fpv4-sp/hard/crtn.o

Memory Configuration

Name             Origin             Length             Attributes
RAM              0x0000000020000000 0x0000000000020000 xrw
ROM              0x0000000008000000 0x0000000000100000 xr
*default*        0x0000000000000000 0xffffffffffffffff

Linker script and memory map

LOAD /home/whenwhathuh/Ac6/SystemWorkbench/plugins/fr.ac6.mcu.externaltools.arm-none.linux64_1.16.0.201807130628/tools/compiler/bin/../lib/gcc/arm-none-eabi/7.2.1/thumb/v7e-m/fpv4-sp/hard/crti.o
LOAD /home/whenwhathuh/Ac6/SystemWorkbench/plugins/fr.ac6.mcu.externaltools.arm-none.linux64_1.16.0.201807130628/tools/compiler/bin/../lib/gcc/arm-none-eabi/7.2.1/thumb/v7e-m/fpv4-sp/hard/crtbegin.o
LOAD /home/whenwhathuh/Ac6/SystemWorkbench/plugins/fr.ac6.mcu.externaltools.arm-none.linux64_1.16.0.201807130628/tools/compiler/bin/../lib/gcc/arm-none-eabi/7.2.1/../../../../arm-none-eabi/lib/thumb/v7e-m/fpv4-sp/hard/crt0.o
LOAD drivers/src/stm32f407xx_gpio_driver.o
LOAD src/003led_btn_ext.o
LOAD startup/startup_stm32.o
LOAD startup/sysmem.o
LOAD /home/whenwhathuh/Ac6/SystemWorkbench/plugins/fr.ac6.mcu.externaltools.arm-none.linux64_1.16.0.201807130628/tools/compiler/bin/../lib/gcc/arm-none-eabi/7.2.1/../../../../arm-none-eabi/lib/thumb/v7e-m/fpv4-sp/hard/libm.a
START GROUP
LOAD /home/whenwhathuh/Ac6/SystemWorkbench/plugins/fr.ac6.mcu.externaltools.arm-none.linux64_1.16.0.201807130628/tools/compiler/bin/../lib/gcc/arm-none-eabi/7.2.1/thumb/v7e-m/fpv4-sp/hard/libgcc.a
LOAD /home/whenwhathuh/Ac6/SystemWorkbench/plugins/fr.ac6.mcu.externaltools.arm-none.linux64_1.16.0.201807130628/tools/compiler/bin/../lib/gcc/arm-none-eabi/7.2.1/../../../../arm-none-eabi/lib/thumb/v7e-m/fpv4-sp/hard/libc.a
END GROUP
LOAD /home/whenwhathuh/Ac6/SystemWorkbench/plugins/fr.ac6.mcu.externaltools.arm-none.linux64_1.16.0.201807130628/tools/compiler/bin/../lib/gcc/arm-none-eabi/7.2.1/thumb/v7e-m/fpv4-sp/hard/crtend.o
LOAD /home/whenwhathuh/Ac6/SystemWorkbench/plugins/fr.ac6.mcu.externaltools.arm-none.linux64_1.16.0.201807130628/tools/compiler/bin/../lib/gcc/arm-none-eabi/7.2.1/thumb/v7e-m/fpv4-sp/hard/crtn.o
                0x0000000020020000                _estack = 0x20020000
                0x0000000000000000                _Min_Heap_Size = 0x0
                0x0000000000000400                _Min_Stack_Size = 0x400

.isr_vector     0x0000000008000000      0x1a8
                0x0000000008000000                . = ALIGN (0x4)
 *(.isr_vector)
 .isr_vector    0x0000000008000000      0x1a8 startup/startup_stm32.o
                0x0000000008000000                g_pfnVectors
                0x00000000080001a8                . = ALIGN (0x4)

.text           0x00000000080001a8      0x854
                0x00000000080001a8                . = ALIGN (0x4)
 *(.text)
 .text          0x00000000080001a8       0x40 /home/whenwhathuh/Ac6/SystemWorkbench/plugins/fr.ac6.mcu.externaltools.arm-none.linux64_1.16.0.201807130628/tools/compiler/bin/../lib/gcc/arm-none-eabi/7.2.1/thumb/v7e-m/fpv4-sp/hard/crtbegin.o
 *(.text*)
 .text.GPIO_Init
                0x00000000080001e8      0x320 drivers/src/stm32f407xx_gpio_driver.o
                0x00000000080001e8                GPIO_Init
 .text.GPIO_PeriClockControl
                0x0000000008000508       0x28 drivers/src/stm32f407xx_gpio_driver.o
                0x0000000008000508                GPIO_PeriClockControl
 .text.enable_GPIO_Clk
                0x0000000008000530      0x100 drivers/src/stm32f407xx_gpio_driver.o
                0x0000000008000530                enable_GPIO_Clk
 .text.disable_GPIO_Clk
                0x0000000008000630      0x100 drivers/src/stm32f407xx_gpio_driver.o
                0x0000000008000630                disable_GPIO_Clk
 .text.GPIO_ReadFromInputPin
                0x0000000008000730       0x2c drivers/src/stm32f407xx_gpio_driver.o
                0x0000000008000730                GPIO_ReadFromInputPin
 .text.GPIO_ToggleOutputPin
                0x000000000800075c       0x2a drivers/src/stm32f407xx_gpio_driver.o
                0x000000000800075c                GPIO_ToggleOutputPin
 *fill*         0x0000000008000786        0x2 
 .text.delay    0x0000000008000788       0x2c src/003led_btn_ext.o
                0x0000000008000788                delay
 .text.main     0x00000000080007b4       0x78 src/003led_btn_ext.o
                0x00000000080007b4                main
 .text.Reset_Handler
                0x000000000800082c       0x50 startup/startup_stm32.o
                0x000000000800082c                Reset_Handler
 .text.Default_Handler
                0x000000000800087c        0x2 startup/startup_stm32.o
                0x000000000800087c                RTC_Alarm_IRQHandler
                0x000000000800087c                HASH_RNG_IRQHandler
                0x000000000800087c                EXTI2_IRQHandler
                0x000000000800087c                TIM8_CC_IRQHandler
                0x000000000800087c                DebugMon_Handler
                0x000000000800087c                TIM1_CC_IRQHandler
                0x000000000800087c                DMA2_Stream5_IRQHandler
                0x000000000800087c                HardFault_Handler
                0x000000000800087c                DMA1_Stream5_IRQHandler
                0x000000000800087c                SysTick_Handler
                0x000000000800087c                PVD_IRQHandler
                0x000000000800087c                SDIO_IRQHandler
                0x000000000800087c                TAMP_STAMP_IRQHandler
                0x000000000800087c                PendSV_Handler
                0x000000000800087c                NMI_Handler
                0x000000000800087c                CAN2_RX1_IRQHandler
                0x000000000800087c                EXTI3_IRQHandler
                0x000000000800087c                TIM8_TRG_COM_TIM14_IRQHandler
                0x000000000800087c                TIM1_UP_TIM10_IRQHandler
                0x000000000800087c                TIM8_UP_TIM13_IRQHandler
                0x000000000800087c                I2C3_ER_IRQHandler
                0x000000000800087c                LCD_TFT_IRQHandler
                0x000000000800087c                EXTI0_IRQHandler
                0x000000000800087c                I2C2_EV_IRQHandler
                0x000000000800087c                DMA1_Stream2_IRQHandler
                0x000000000800087c                CAN1_RX0_IRQHandler
                0x000000000800087c                FPU_IRQHandler
                0x000000000800087c                OTG_HS_WKUP_IRQHandler
                0x000000000800087c                UsageFault_Handler
                0x000000000800087c                CAN2_SCE_IRQHandler
                0x000000000800087c                DMA2_Stream2_IRQHandler
                0x000000000800087c                SPI1_IRQHandler
                0x000000000800087c                TIM6_DAC_IRQHandler
                0x000000000800087c                TIM1_BRK_TIM9_IRQHandler
                0x000000000800087c                DCMI_IRQHandler
                0x000000000800087c                CAN2_RX0_IRQHandler
                0x000000000800087c                DMA2_Stream3_IRQHandler
                0x000000000800087c                USART6_IRQHandler
                0x000000000800087c                USART3_IRQHandler
                0x000000000800087c                CRYP_IRQHandler
                0x000000000800087c                CAN1_RX1_IRQHandler
                0x000000000800087c                UART5_IRQHandler
                0x000000000800087c                DMA2_Stream0_IRQHandler
                0x000000000800087c                TIM4_IRQHandler
                0x000000000800087c                I2C1_EV_IRQHandler
                0x000000000800087c                DMA1_Stream6_IRQHandler
                0x000000000800087c                DMA1_Stream1_IRQHandler
                0x000000000800087c                UART4_IRQHandler
                0x000000000800087c                LCD_TFT_1_IRQHandler
                0x000000000800087c                TIM3_IRQHandler
                0x000000000800087c                RCC_IRQHandler
                0x000000000800087c                TIM8_BRK_TIM12_IRQHandler
                0x000000000800087c                Default_Handler
                0x000000000800087c                EXTI15_10_IRQHandler
                0x000000000800087c                ADC_IRQHandler
                0x000000000800087c                DMA1_Stream7_IRQHandler
                0x000000000800087c                TIM7_IRQHandler
                0x000000000800087c                CAN2_TX_IRQHandler
                0x000000000800087c                TIM5_IRQHandler
                0x000000000800087c                DMA2_Stream7_IRQHandler
                0x000000000800087c                I2C3_EV_IRQHandler
                0x000000000800087c                EXTI9_5_IRQHandler
                0x000000000800087c                RTC_WKUP_IRQHandler
                0x000000000800087c                ETH_WKUP_IRQHandler
                0x000000000800087c                SPI2_IRQHandler
                0x000000000800087c                OTG_HS_EP1_IN_IRQHandler
                0x000000000800087c                MemManage_Handler
                0x000000000800087c                DMA1_Stream0_IRQHandler
                0x000000000800087c                CAN1_TX_IRQHandler
                0x000000000800087c                SVC_Handler
                0x000000000800087c                EXTI4_IRQHandler
                0x000000000800087c                FSMC_IRQHandler
                0x000000000800087c                ETH_IRQHandler
                0x000000000800087c                OTG_HS_EP1_OUT_IRQHandler
                0x000000000800087c                WWDG_IRQHandler
                0x000000000800087c                TIM2_IRQHandler
                0x000000000800087c                OTG_FS_WKUP_IRQHandler
                0x000000000800087c                TIM1_TRG_COM_TIM11_IRQHandler
                0x000000000800087c                OTG_HS_IRQHandler
                0x000000000800087c                EXTI1_IRQHandler
                0x000000000800087c                USART2_IRQHandler
                0x000000000800087c                I2C2_ER_IRQHandler
                0x000000000800087c                DMA2_Stream1_IRQHandler
                0x000000000800087c                CAN1_SCE_IRQHandler
                0x000000000800087c                DMA2_Stream4_IRQHandler
                0x000000000800087c                BusFault_Handler
                0x000000000800087c                USART1_IRQHandler
                0x000000000800087c                OTG_FS_IRQHandler
                0x000000000800087c                SPI3_IRQHandler
                0x000000000800087c                DMA1_Stream4_IRQHandler
                0x000000000800087c                I2C1_ER_IRQHandler
                0x000000000800087c                DMA2_Stream6_IRQHandler
                0x000000000800087c                DMA1_Stream3_IRQHandler
 *fill*         0x000000000800087e        0x2 
 .text.__libc_init_array
                0x0000000008000880       0x48 /home/whenwhathuh/Ac6/SystemWorkbench/plugins/fr.ac6.mcu.externaltools.arm-none.linux64_1.16.0.201807130628/tools/compiler/bin/../lib/gcc/arm-none-eabi/7.2.1/../../../../arm-none-eabi/lib/thumb/v7e-m/fpv4-sp/hard/libc.a(lib_a-init.o)
                0x0000000008000880                __libc_init_array
 .text.startup.register_fini
                0x00000000080008c8       0x14 /home/whenwhathuh/Ac6/SystemWorkbench/plugins/fr.ac6.mcu.externaltools.arm-none.linux64_1.16.0.201807130628/tools/compiler/bin/../lib/gcc/arm-none-eabi/7.2.1/../../../../arm-none-eabi/lib/thumb/v7e-m/fpv4-sp/hard/libc.a(lib_a-__call_atexit.o)
 .text.atexit   0x00000000080008dc        0xc /home/whenwhathuh/Ac6/SystemWorkbench/plugins/fr.ac6.mcu.externaltools.arm-none.linux64_1.16.0.201807130628/tools/compiler/bin/../lib/gcc/arm-none-eabi/7.2.1/../../../../arm-none-eabi/lib/thumb/v7e-m/fpv4-sp/hard/libc.a(lib_a-atexit.o)
                0x00000000080008dc                atexit
 .text.__libc_fini_array
                0x00000000080008e8       0x34 /home/whenwhathuh/Ac6/SystemWorkbench/plugins/fr.ac6.mcu.externaltools.arm-none.linux64_1.16.0.201807130628/tools/compiler/bin/../lib/gcc/arm-none-eabi/7.2.1/../../../../arm-none-eabi/lib/thumb/v7e-m/fpv4-sp/hard/libc.a(lib_a-fini.o)
                0x00000000080008e8                __libc_fini_array
 .text.__retarget_lock_acquire_recursive
                0x000000000800091c        0x4 /home/whenwhathuh/Ac6/SystemWorkbench/plugins/fr.ac6.mcu.externaltools.arm-none.linux64_1.16.0.201807130628/tools/compiler/bin/../lib/gcc/arm-none-eabi/7.2.1/../../../../arm-none-eabi/lib/thumb/v7e-m/fpv4-sp/hard/libc.a(lib_a-lock.o)
                0x000000000800091c                __retarget_lock_acquire_recursive
 .text.__retarget_lock_release_recursive
                0x0000000008000920        0x4 /home/whenwhathuh/Ac6/SystemWorkbench/plugins/fr.ac6.mcu.externaltools.arm-none.linux64_1.16.0.201807130628/tools/compiler/bin/../lib/gcc/arm-none-eabi/7.2.1/../../../../arm-none-eabi/lib/thumb/v7e-m/fpv4-sp/hard/libc.a(lib_a-lock.o)
                0x0000000008000920                __retarget_lock_release_recursive
 .text.__register_exitproc
                0x0000000008000924       0xc0 /home/whenwhathuh/Ac6/SystemWorkbench/plugins/fr.ac6.mcu.externaltools.arm-none.linux64_1.16.0.201807130628/tools/compiler/bin/../lib/gcc/arm-none-eabi/7.2.1/../../../../arm-none-eabi/lib/thumb/v7e-m/fpv4-sp/hard/libc.a(lib_a-__atexit.o)
                0x0000000008000924                __register_exitproc
 *(.glue_7)
 .glue_7        0x00000000080009e4        0x0 linker stubs
 *(.glue_7t)
 .glue_7t       0x00000000080009e4        0x0 linker stubs
 *(.eh_frame)
 .eh_frame      0x00000000080009e4        0x0 /home/whenwhathuh/Ac6/SystemWorkbench/plugins/fr.ac6.mcu.externaltools.arm-none.linux64_1.16.0.201807130628/tools/compiler/bin/../lib/gcc/arm-none-eabi/7.2.1/thumb/v7e-m/fpv4-sp/hard/crtbegin.o
 *(.init)
 .init          0x00000000080009e4        0x4 /home/whenwhathuh/Ac6/SystemWorkbench/plugins/fr.ac6.mcu.externaltools.arm-none.linux64_1.16.0.201807130628/tools/compiler/bin/../lib/gcc/arm-none-eabi/7.2.1/thumb/v7e-m/fpv4-sp/hard/crti.o
                0x00000000080009e4                _init
 .init          0x00000000080009e8        0x8 /home/whenwhathuh/Ac6/SystemWorkbench/plugins/fr.ac6.mcu.externaltools.arm-none.linux64_1.16.0.201807130628/tools/compiler/bin/../lib/gcc/arm-none-eabi/7.2.1/thumb/v7e-m/fpv4-sp/hard/crtn.o
 *(.fini)
 .fini          0x00000000080009f0        0x4 /home/whenwhathuh/Ac6/SystemWorkbench/plugins/fr.ac6.mcu.externaltools.arm-none.linux64_1.16.0.201807130628/tools/compiler/bin/../lib/gcc/arm-none-eabi/7.2.1/thumb/v7e-m/fpv4-sp/hard/crti.o
                0x00000000080009f0                _fini
 .fini          0x00000000080009f4        0x8 /home/whenwhathuh/Ac6/SystemWorkbench/plugins/fr.ac6.mcu.externaltools.arm-none.linux64_1.16.0.201807130628/tools/compiler/bin/../lib/gcc/arm-none-eabi/7.2.1/thumb/v7e-m/fpv4-sp/hard/crtn.o
                0x00000000080009fc                . = ALIGN (0x4)
                0x00000000080009fc                _etext = .

.vfp11_veneer   0x00000000080009fc        0x0
 .vfp11_veneer  0x00000000080009fc        0x0 linker stubs

.v4_bx          0x00000000080009fc        0x0
 .v4_bx         0x00000000080009fc        0x0 linker stubs

.iplt           0x00000000080009fc        0x0
 .iplt          0x00000000080009fc        0x0 /home/whenwhathuh/Ac6/SystemWorkbench/plugins/fr.ac6.mcu.externaltools.arm-none.linux64_1.16.0.201807130628/tools/compiler/bin/../lib/gcc/arm-none-eabi/7.2.1/thumb/v7e-m/fpv4-sp/hard/crtbegin.o

.rodata         0x00000000080009fc        0x4
                0x00000000080009fc                . = ALIGN (0x4)
 *(.rodata)
 *(.rodata*)
 .rodata._global_impure_ptr
                0x00000000080009fc        0x4 /home/whenwhathuh/Ac6/SystemWorkbench/plugins/fr.ac6.mcu.externaltools.arm-none.linux64_1.16.0.201807130628/tools/compiler/bin/../lib/gcc/arm-none-eabi/7.2.1/../../../../arm-none-eabi/lib/thumb/v7e-m/fpv4-sp/hard/libc.a(lib_a-impure.o)
                0x00000000080009fc                _global_impure_ptr
                0x0000000008000a00                . = ALIGN (0x4)

.rel.dyn        0x0000000008000a00        0x0
 .rel.iplt      0x0000000008000a00        0x0 /home/whenwhathuh/Ac6/SystemWorkbench/plugins/fr.ac6.mcu.externaltools.arm-none.linux64_1.16.0.201807130628/tools/compiler/bin/../lib/gcc/arm-none-eabi/7.2.1/thumb/v7e-m/fpv4-sp/hard/crtbegin.o

.ARM.extab      0x0000000008000a00        0x0
                0x0000000008000a00                . = ALIGN (0x4)
 *(.ARM.extab* .gnu.linkonce.armextab.*)
                0x0000000008000a00                . = ALIGN (0x4)

.ARM            0x0000000008000a00        0x0
                0x0000000008000a00                . = ALIGN (0x4)
                0x0000000008000a00                __exidx_start = .
 *(.ARM.exidx*)
                0x0000000008000a00                __exidx_end = .
                0x0000000008000a00                . = ALIGN (0x4)

.preinit_array  0x0000000008000a00        0x0
                0x0000000008000a00                . = ALIGN (0x4)
                0x0000000008000a00                PROVIDE (__preinit_array_start, .)
 *(.preinit_array*)
                0x0000000008000a00                PROVIDE (__preinit_array_end, .)
                0x0000000008000a00                . = ALIGN (0x4)

.init_array     0x0000000008000a00        0x8
                0x0000000008000a00                . = ALIGN (0x4)
                0x0000000008000a00                PROVIDE (__init_array_start, .)
 *(SORT_BY_NAME(.init_array.*))
 .init_array.00000
                0x0000000008000a00        0x4 /home/whenwhathuh/Ac6/SystemWorkbench/plugins/fr.ac6.mcu.externaltools.arm-none.linux64_1.16.0.201807130628/tools/compiler/bin/../lib/gcc/arm-none-eabi/7.2.1/../../../../arm-none-eabi/lib/thumb/v7e-m/fpv4-sp/hard/libc.a(lib_a-__call_atexit.o)
 *(.init_array*)
 .init_array    0x0000000008000a04        0x4 /home/whenwhathuh/Ac6/SystemWorkbench/plugins/fr.ac6.mcu.externaltools.arm-none.linux64_1.16.0.201807130628/tools/compiler/bin/../lib/gcc/arm-none-eabi/7.2.1/thumb/v7e-m/fpv4-sp/hard/crtbegin.o
                0x0000000008000a08                PROVIDE (__init_array_end, .)
                0x0000000008000a08                . = ALIGN (0x4)

.fini_array     0x0000000008000a08        0x4
                0x0000000008000a08                . = ALIGN (0x4)
                0x0000000008000a08                PROVIDE (__fini_array_start, .)
 *(SORT_BY_NAME(.fini_array.*))
 *(.fini_array*)
 .fini_array    0x0000000008000a08        0x4 /home/whenwhathuh/Ac6/SystemWorkbench/plugins/fr.ac6.mcu.externaltools.arm-none.linux64_1.16.0.201807130628/tools/compiler/bin/../lib/gcc/arm-none-eabi/7.2.1/thumb/v7e-m/fpv4-sp/hard/crtbegin.o
                0x0000000008000a0c                PROVIDE (__fini_array_end, .)
                0x0000000008000a0c                . = ALIGN (0x4)
                0x0000000008000a0c                _sidata = LOADADDR (.data)

.data           0x0000000020000000      0x42c load address 0x0000000008000a0c
                0x0000000020000000                . = ALIGN (0x4)
                0x0000000020000000                _sdata = .
 *(.data)
 *(.data*)
 .data.impure_data
                0x0000000020000000      0x428 /home/whenwhathuh/Ac6/SystemWorkbench/plugins/fr.ac6.mcu.externaltools.arm-none.linux64_1.16.0.201807130628/tools/compiler/bin/../lib/gcc/arm-none-eabi/7.2.1/../../../../arm-none-eabi/lib/thumb/v7e-m/fpv4-sp/hard/libc.a(lib_a-impure.o)
 .data.__atexit_recursive_mutex
                0x0000000020000428        0x4 /home/whenwhathuh/Ac6/SystemWorkbench/plugins/fr.ac6.mcu.externaltools.arm-none.linux64_1.16.0.201807130628/tools/compiler/bin/../lib/gcc/arm-none-eabi/7.2.1/../../../../arm-none-eabi/lib/thumb/v7e-m/fpv4-sp/hard/libc.a(lib_a-__call_atexit.o)
                0x0000000020000428                __atexit_recursive_mutex
                0x000000002000042c                . = ALIGN (0x4)
                0x000000002000042c                _edata = .

.igot.plt       0x000000002000042c        0x0 load address 0x0000000008000e38
 .igot.plt      0x000000002000042c        0x0 /home/whenwhathuh/Ac6/SystemWorkbench/plugins/fr.ac6.mcu.externaltools.arm-none.linux64_1.16.0.201807130628/tools/compiler/bin/../lib/gcc/arm-none-eabi/7.2.1/thumb/v7e-m/fpv4-sp/hard/crtbegin.o
                0x000000002000042c                . = ALIGN (0x4)

.bss            0x000000002000042c       0x40 load address 0x0000000008000e38
                0x000000002000042c                _sbss = .
                0x000000002000042c                __bss_start__ = _sbss
 *(.bss)
 .bss           0x000000002000042c       0x1c /home/whenwhathuh/Ac6/SystemWorkbench/plugins/fr.ac6.mcu.externaltools.arm-none.linux64_1.16.0.201807130628/tools/compiler/bin/../lib/gcc/arm-none-eabi/7.2.1/thumb/v7e-m/fpv4-sp/hard/crtbegin.o
 *(.bss*)
 *(COMMON)
 COMMON         0x0000000020000448       0x21 /home/whenwhathuh/Ac6/SystemWorkbench/plugins/fr.ac6.mcu.externaltools.arm-none.linux64_1.16.0.201807130628/tools/compiler/bin/../lib/gcc/arm-none-eabi/7.2.1/../../../../arm-none-eabi/lib/thumb/v7e-m/fpv4-sp/hard/libc.a(lib_a-lock.o)
                0x0000000020000448                __lock___atexit_recursive_mutex
                0x000000002000044c                __lock___arc4random_mutex
                0x0000000020000450                __lock___env_recursive_mutex
                0x0000000020000454                __lock___sinit_recursive_mutex
                0x0000000020000458                __lock___malloc_recursive_mutex
                0x000000002000045c                __lock___at_quick_exit_mutex
                0x0000000020000460                __lock___dd_hash_mutex
                0x0000000020000464                __lock___tz_mutex
                0x0000000020000468                __lock___sfp_recursive_mutex
                0x000000002000046c                . = ALIGN (0x4)
 *fill*         0x0000000020000469        0x3 
                0x000000002000046c                _ebss = .
                0x000000002000046c                __bss_end__ = _ebss

._user_heap_stack
                0x000000002000046c      0x404 load address 0x0000000008000e38
                0x0000000020000470                . = ALIGN (0x8)
 *fill*         0x000000002000046c        0x4 
                0x0000000020000470                PROVIDE (end, .)
                [!provide]                        PROVIDE (_end, .)
                0x0000000020000470                . = (. + _Min_Heap_Size)
                0x0000000020000870                . = (. + _Min_Stack_Size)
 *fill*         0x0000000020000470      0x400 
                0x0000000020000870                . = ALIGN (0x8)

/DISCARD/
 libc.a(*)
 libm.a(*)
 libgcc.a(*)

.ARM.attributes
                0x0000000000000000       0x30
 *(.ARM.attributes)
 .ARM.attributes
                0x0000000000000000       0x22 /home/whenwhathuh/Ac6/SystemWorkbench/plugins/fr.ac6.mcu.externaltools.arm-none.linux64_1.16.0.201807130628/tools/compiler/bin/../lib/gcc/arm-none-eabi/7.2.1/thumb/v7e-m/fpv4-sp/hard/crti.o
 .ARM.attributes
                0x0000000000000022       0x34 /home/whenwhathuh/Ac6/SystemWorkbench/plugins/fr.ac6.mcu.externaltools.arm-none.linux64_1.16.0.201807130628/tools/compiler/bin/../lib/gcc/arm-none-eabi/7.2.1/thumb/v7e-m/fpv4-sp/hard/crtbegin.o
 .ARM.attributes
                0x0000000000000056       0x39 drivers/src/stm32f407xx_gpio_driver.o
 .ARM.attributes
                0x000000000000008f       0x39 src/003led_btn_ext.o
 .ARM.attributes
                0x00000000000000c8       0x21 startup/startup_stm32.o
 .ARM.attributes
                0x00000000000000e9       0x34 /home/whenwhathuh/Ac6/SystemWorkbench/plugins/fr.ac6.mcu.externaltools.arm-none.linux64_1.16.0.201807130628/tools/compiler/bin/../lib/gcc/arm-none-eabi/7.2.1/../../../../arm-none-eabi/lib/thumb/v7e-m/fpv4-sp/hard/libc.a(lib_a-impure.o)
 .ARM.attributes
                0x000000000000011d       0x34 /home/whenwhathuh/Ac6/SystemWorkbench/plugins/fr.ac6.mcu.externaltools.arm-none.linux64_1.16.0.201807130628/tools/compiler/bin/../lib/gcc/arm-none-eabi/7.2.1/../../../../arm-none-eabi/lib/thumb/v7e-m/fpv4-sp/hard/libc.a(lib_a-init.o)
 .ARM.attributes
                0x0000000000000151       0x34 /home/whenwhathuh/Ac6/SystemWorkbench/plugins/fr.ac6.mcu.externaltools.arm-none.linux64_1.16.0.201807130628/tools/compiler/bin/../lib/gcc/arm-none-eabi/7.2.1/../../../../arm-none-eabi/lib/thumb/v7e-m/fpv4-sp/hard/libc.a(lib_a-__call_atexit.o)
 .ARM.attributes
                0x0000000000000185       0x34 /home/whenwhathuh/Ac6/SystemWorkbench/plugins/fr.ac6.mcu.externaltools.arm-none.linux64_1.16.0.201807130628/tools/compiler/bin/../lib/gcc/arm-none-eabi/7.2.1/../../../../arm-none-eabi/lib/thumb/v7e-m/fpv4-sp/hard/libc.a(lib_a-atexit.o)
 .ARM.attributes
                0x00000000000001b9       0x34 /home/whenwhathuh/Ac6/SystemWorkbench/plugins/fr.ac6.mcu.externaltools.arm-none.linux64_1.16.0.201807130628/tools/compiler/bin/../lib/gcc/arm-none-eabi/7.2.1/../../../../arm-none-eabi/lib/thumb/v7e-m/fpv4-sp/hard/libc.a(lib_a-fini.o)
 .ARM.attributes
                0x00000000000001ed       0x34 /home/whenwhathuh/Ac6/SystemWorkbench/plugins/fr.ac6.mcu.externaltools.arm-none.linux64_1.16.0.201807130628/tools/compiler/bin/../lib/gcc/arm-none-eabi/7.2.1/../../../../arm-none-eabi/lib/thumb/v7e-m/fpv4-sp/hard/libc.a(lib_a-lock.o)
 .ARM.attributes
                0x0000000000000221       0x34 /home/whenwhathuh/Ac6/SystemWorkbench/plugins/fr.ac6.mcu.externaltools.arm-none.linux64_1.16.0.201807130628/tools/compiler/bin/../lib/gcc/arm-none-eabi/7.2.1/../../../../arm-none-eabi/lib/thumb/v7e-m/fpv4-sp/hard/libc.a(lib_a-__atexit.o)
 .ARM.attributes
                0x0000000000000255       0x22 /home/whenwhathuh/Ac6/SystemWorkbench/plugins/fr.ac6.mcu.externaltools.arm-none.linux64_1.16.0.201807130628/tools/compiler/bin/../lib/gcc/arm-none-eabi/7.2.1/thumb/v7e-m/fpv4-sp/hard/crtn.o
OUTPUT(stm32f4xx_drivers.elf elf32-littlearm)

.debug_info     0x0000000000000000      0x950
 .debug_info    0x0000000000000000      0x715 drivers/src/stm32f407xx_gpio_driver.o
 .debug_info    0x0000000000000715      0x219 src/003led_btn_ext.o
 .debug_info    0x000000000000092e       0x22 startup/startup_stm32.o

.debug_abbrev   0x0000000000000000      0x212
 .debug_abbrev  0x0000000000000000      0x130 drivers/src/stm32f407xx_gpio_driver.o
 .debug_abbrev  0x0000000000000130       0xd0 src/003led_btn_ext.o
 .debug_abbrev  0x0000000000000200       0x12 startup/startup_stm32.o

.debug_aranges  0x0000000000000000       0xc8
 .debug_aranges
                0x0000000000000000       0x78 drivers/src/stm32f407xx_gpio_driver.o
 .debug_aranges
                0x0000000000000078       0x28 src/003led_btn_ext.o
 .debug_aranges
                0x00000000000000a0       0x28 startup/startup_stm32.o

.debug_ranges   0x0000000000000000       0xb8
 .debug_ranges  0x0000000000000000       0x80 drivers/src/stm32f407xx_gpio_driver.o
 .debug_ranges  0x0000000000000080       0x18 src/003led_btn_ext.o
 .debug_ranges  0x0000000000000098       0x20 startup/startup_stm32.o

.debug_macro    0x0000000000000000     0x1227
 .debug_macro   0x0000000000000000       0x81 drivers/src/stm32f407xx_gpio_driver.o
 .debug_macro   0x0000000000000081      0xa66 drivers/src/stm32f407xx_gpio_driver.o
 .debug_macro   0x0000000000000ae7       0x22 drivers/src/stm32f407xx_gpio_driver.o
 .debug_macro   0x0000000000000b09       0x87 drivers/src/stm32f407xx_gpio_driver.o
 .debug_macro   0x0000000000000b90       0x51 drivers/src/stm32f407xx_gpio_driver.o
 .debug_macro   0x0000000000000be1       0xef drivers/src/stm32f407xx_gpio_driver.o
 .debug_macro   0x0000000000000cd0       0x6a drivers/src/stm32f407xx_gpio_driver.o
 .debug_macro   0x0000000000000d3a      0x1df drivers/src/stm32f407xx_gpio_driver.o
 .debug_macro   0x0000000000000f19      0x225 drivers/src/stm32f407xx_gpio_driver.o
 .debug_macro   0x000000000000113e       0x64 drivers/src/stm32f407xx_gpio_driver.o
 .debug_macro   0x00000000000011a2       0x85 src/003led_btn_ext.o

.debug_line     0x0000000000000000      0x9b6
 .debug_line    0x0000000000000000      0x580 drivers/src/stm32f407xx_gpio_driver.o
 .debug_line    0x0000000000000580      0x3ba src/003led_btn_ext.o
 .debug_line    0x000000000000093a       0x7c startup/startup_stm32.o

.debug_str      0x0000000000000000     0x505f
 .debug_str     0x0000000000000000     0x5002 drivers/src/stm32f407xx_gpio_driver.o
                                       0x5177 (size before relaxing)
 .debug_str     0x0000000000005002       0x33 src/003led_btn_ext.o
                                       0x4e32 (size before relaxing)
 .debug_str     0x0000000000005035       0x2a startup/startup_stm32.o
                                         0x72 (size before relaxing)

.comment        0x0000000000000000       0x7e
 .comment       0x0000000000000000       0x7e drivers/src/stm32f407xx_gpio_driver.o
                                         0x7f (size before relaxing)
 .comment       0x000000000000007e       0x7f src/003led_btn_ext.o

.debug_frame    0x0000000000000000      0x404
 .debug_frame   0x0000000000000000      0x1ec drivers/src/stm32f407xx_gpio_driver.o
 .debug_frame   0x00000000000001ec       0x58 src/003led_btn_ext.o
 .debug_frame   0x0000000000000244       0x2c /home/whenwhathuh/Ac6/SystemWorkbench/plugins/fr.ac6.mcu.externaltools.arm-none.linux64_1.16.0.201807130628/tools/compiler/bin/../lib/gcc/arm-none-eabi/7.2.1/../../../../arm-none-eabi/lib/thumb/v7e-m/fpv4-sp/hard/libc.a(lib_a-init.o)
 .debug_frame   0x0000000000000270       0x5c /home/whenwhathuh/Ac6/SystemWorkbench/plugins/fr.ac6.mcu.externaltools.arm-none.linux64_1.16.0.201807130628/tools/compiler/bin/../lib/gcc/arm-none-eabi/7.2.1/../../../../arm-none-eabi/lib/thumb/v7e-m/fpv4-sp/hard/libc.a(lib_a-__call_atexit.o)
 .debug_frame   0x00000000000002cc       0x20 /home/whenwhathuh/Ac6/SystemWorkbench/plugins/fr.ac6.mcu.externaltools.arm-none.linux64_1.16.0.201807130628/tools/compiler/bin/../lib/gcc/arm-none-eabi/7.2.1/../../../../arm-none-eabi/lib/thumb/v7e-m/fpv4-sp/hard/libc.a(lib_a-atexit.o)
 .debug_frame   0x00000000000002ec       0x34 /home/whenwhathuh/Ac6/SystemWorkbench/plugins/fr.ac6.mcu.externaltools.arm-none.linux64_1.16.0.201807130628/tools/compiler/bin/../lib/gcc/arm-none-eabi/7.2.1/../../../../arm-none-eabi/lib/thumb/v7e-m/fpv4-sp/hard/libc.a(lib_a-fini.o)
 .debug_frame   0x0000000000000320       0xb0 /home/whenwhathuh/Ac6/SystemWorkbench/plugins/fr.ac6.mcu.externaltools.arm-none.linux64_1.16.0.201807130628/tools/compiler/bin/../lib/gcc/arm-none-eabi/7.2.1/../../../../arm-none-eabi/lib/thumb/v7e-m/fpv4-sp/hard/libc.a(lib_a-lock.o)
 .debug_frame   0x00000000000003d0       0x34 /home/whenwhathuh/Ac6/SystemWorkbench/plugins/fr.ac6.mcu.externaltools.arm-none.linux64_1.16.0.201807130628/tools/compiler/bin/../lib/gcc/arm-none-eabi/7.2.1/../../../../arm-none-eabi/lib/thumb/v7e-m/fpv4-sp/hard/libc.a(lib_a-__atexit.o)
